// Jest Snapshot v1, https://goo.gl/fbAQLP

exports[`Container Standard 1`] = `
<div
  className="sc-bdfBwQ jSaWsD"
/>
`;

exports[`Container Standard 2`] = `
<div
  className="sc-bdfBwQ jSaWsD"
/>
`;
