// Jest Snapshot v1, https://goo.gl/fbAQLP

exports[`Modal Standard 1`] = `null`;

exports[`Modal Standard 2`] = `null`;
