// Jest Snapshot v1, https://goo.gl/fbAQLP

exports[`FooterContainer Standard 1`] = `
<div
  className="sc-bdfBwQ kXeqYA"
/>
`;

exports[`FooterContainer Standard 2`] = `
<div
  className="sc-bdfBwQ kXeqYA"
/>
`;
