// Jest Snapshot v1, https://goo.gl/fbAQLP

exports[`Subtitle Standard 1`] = `
<span
  className="sc-bdfBwQ jVxTIo"
/>
`;

exports[`Subtitle Standard 2`] = `
<span
  className="sc-bdfBwQ jVxTIo"
/>
`;
